[Step 1] Failed to create users: fetch failed
